Component: ARM Compiler 5.06 update 3 (build 300) Tool: armlink [4d35c9]

==============================================================================

Section Cross References

    main.o(i.SPI1_IRQHandler) refers to spi.o(i.SPI_Irqn) for SPI_Irqn
    main.o(i.SPI1_IRQHandler) refers to main.o(.bss) for propSPI
    main.o(i.main) refers to spi.o(i.SPI_Init) for SPI_Init
    main.o(i.main) refers to spi.o(i.SPI_Slave_Tx) for SPI_Slave_Tx
    main.o(i.main) refers to spi.o(i.SPI_Slave_Rx) for SPI_Slave_Rx
    main.o(i.main) refers to main.o(.bss) for propSPI
    delay.o(i.Decrement) refers to delay.o(.data) for sysTickCounter
    delay.o(i.SysTick_Config) refers to delay.o(i.__NVIC_SetPriority) for __NVIC_SetPriority
    delay.o(i.SysTick_Handler) refers to delay.o(i.Decrement) for Decrement
    delay.o(i.delay_ms) refers to delay.o(i.SysTick_Config) for SysTick_Config
    delay.o(i.delay_ms) refers to delay.o(i.__NVIC_SetPriority) for __NVIC_SetPriority
    delay.o(i.delay_ms) refers to delay.o(.data) for sysTickCounter
    delay.o(i.delay_ms) refers to system_stm32f10x.o(.data) for SystemCoreClock
    delay.o(i.delay_us) refers to delay.o(i.SysTick_Config) for SysTick_Config
    delay.o(i.delay_us) refers to delay.o(i.__NVIC_SetPriority) for __NVIC_SetPriority
    delay.o(i.delay_us) refers to delay.o(.data) for sysTickCounter
    delay.o(i.delay_us) refers to system_stm32f10x.o(.data) for SystemCoreClock
    spi.o(i.Disable_Spi) refers to spi.o(i.__NVIC_DisableIRQ) for __NVIC_DisableIRQ
    spi.o(i.Enable_Spi) refers to spi.o(i.__NVIC_SetPriority) for __NVIC_SetPriority
    spi.o(i.Enable_Spi) refers to spi.o(i.__NVIC_EnableIRQ) for __NVIC_EnableIRQ
    spi.o(i.Rx_Handle) refers to spi.o(i.Disable_Rxe_Interrupt) for Disable_Rxe_Interrupt
    spi.o(i.Rx_Handle) refers to spi.o(i.Disable_Spi) for Disable_Spi
    spi.o(i.Rx_Interrupt_Handle) refers to spi.o(i.Disable_Rxe_Interrupt) for Disable_Rxe_Interrupt
    spi.o(i.Rx_Interrupt_Handle) refers to spi.o(i.Disable_Spi) for Disable_Spi
    spi.o(i.Rx_Master) refers to spi.o(i.Enable_Txe_Interrupt) for Enable_Txe_Interrupt
    spi.o(i.Rx_Master) refers to spi.o(i.Enable_Rxe_Interrupt) for Enable_Rxe_Interrupt
    spi.o(i.Rx_Master) refers to spi.o(i.Enable_Spi) for Enable_Spi
    spi.o(i.Rx_Master) refers to spi.o(.constdata) for .constdata
    spi.o(i.SPI_Init) refers to rt_memcpy_w.o(.text) for __aeabi_memcpy4
    spi.o(i.SPI_Init) refers to gpio_config.o(i.setUpPort) for setUpPort
    spi.o(i.SPI_Init) refers to spi.o(i.Enable_Txe_Interrupt) for Enable_Txe_Interrupt
    spi.o(i.SPI_Init) refers to spi.o(i.Enable_Rxe_Interrupt) for Enable_Rxe_Interrupt
    spi.o(i.SPI_Init) refers to spi.o(i.Enable_Spi) for Enable_Spi
    spi.o(i.SPI_Irqn) refers to delay.o(i.delay_us) for delay_us
    spi.o(i.SPI_Irqn) refers to spi.o(i.Rx_Handle) for Rx_Handle
    spi.o(i.SPI_Irqn) refers to spi.o(i.Rx_Interrupt_Handle) for Rx_Interrupt_Handle
    spi.o(i.SPI_Irqn) refers to spi.o(i.Tx_Handle) for Tx_Handle
    spi.o(i.SPI_Irqn) refers to spi.o(i.Tx_Interrupt_Handle) for Tx_Interrupt_Handle
    spi.o(i.SPI_Master_Rx) refers to spi.o(i.Enable_Txe_Interrupt) for Enable_Txe_Interrupt
    spi.o(i.SPI_Master_Rx) refers to spi.o(i.Enable_Rxe_Interrupt) for Enable_Rxe_Interrupt
    spi.o(i.SPI_Master_Rx) refers to spi.o(i.Enable_Spi) for Enable_Spi
    spi.o(i.SPI_Master_Tx) refers to spi.o(i.Enable_Txe_Interrupt) for Enable_Txe_Interrupt
    spi.o(i.SPI_Master_Tx) refers to spi.o(i.Enable_Spi) for Enable_Spi
    spi.o(i.SPI_Slave_Rx) refers to spi.o(i.Enable_Rxe_Interrupt) for Enable_Rxe_Interrupt
    spi.o(i.SPI_Slave_Rx) refers to spi.o(i.Enable_Spi) for Enable_Spi
    spi.o(i.SPI_Slave_Tx) refers to spi.o(i.Enable_Txe_Interrupt) for Enable_Txe_Interrupt
    spi.o(i.SPI_Slave_Tx) refers to spi.o(i.Enable_Rxe_Interrupt) for Enable_Rxe_Interrupt
    spi.o(i.SPI_Slave_Tx) refers to spi.o(i.Enable_Spi) for Enable_Spi
    spi.o(i.Tx_Handle) refers to spi.o(i.Disable_Txe_Interrupt) for Disable_Txe_Interrupt
    spi.o(i.Tx_Handle) refers to spi.o(i.Disable_Spi) for Disable_Spi
    spi.o(i.Tx_Interrupt_Handle) refers to spi.o(i.Disable_Txe_Interrupt) for Disable_Txe_Interrupt
    spi.o(i.Tx_Interrupt_Handle) refers to spi.o(i.Disable_Spi) for Disable_Spi
    spi.o(i.Tx_Master) refers to spi.o(i.Enable_Txe_Interrupt) for Enable_Txe_Interrupt
    spi.o(i.Tx_Master) refers to spi.o(i.Enable_Spi) for Enable_Spi
    dma_stm32f10x.o(i.DMA1_Channel1_IRQHandler) refers to dma_stm32f10x.o(i.DMA1_Channel1_Event) for DMA1_Channel1_Event
    dma_stm32f10x.o(i.DMA1_Channel2_IRQHandler) refers to dma_stm32f10x.o(i.DMA1_Channel2_Event) for DMA1_Channel2_Event
    dma_stm32f10x.o(i.DMA1_Channel3_IRQHandler) refers to dma_stm32f10x.o(i.DMA1_Channel3_Event) for DMA1_Channel3_Event
    dma_stm32f10x.o(i.DMA1_Channel4_IRQHandler) refers to dma_stm32f10x.o(i.DMA1_Channel4_Event) for DMA1_Channel4_Event
    dma_stm32f10x.o(i.DMA1_Channel5_IRQHandler) refers to dma_stm32f10x.o(i.DMA1_Channel5_Event) for DMA1_Channel5_Event
    dma_stm32f10x.o(i.DMA1_Channel6_IRQHandler) refers to dma_stm32f10x.o(i.DMA1_Channel6_Event) for DMA1_Channel6_Event
    dma_stm32f10x.o(i.DMA1_Channel7_IRQHandler) refers to dma_stm32f10x.o(i.DMA1_Channel7_Event) for DMA1_Channel7_Event
    dma_stm32f10x.o(i.DMA2_Channel1_IRQHandler) refers to dma_stm32f10x.o(i.DMA2_Channel1_Event) for DMA2_Channel1_Event
    dma_stm32f10x.o(i.DMA2_Channel2_IRQHandler) refers to dma_stm32f10x.o(i.DMA2_Channel2_Event) for DMA2_Channel2_Event
    dma_stm32f10x.o(i.DMA2_Channel3_IRQHandler) refers to dma_stm32f10x.o(i.DMA2_Channel3_Event) for DMA2_Channel3_Event
    dma_stm32f10x.o(i.DMA2_Channel4_5_IRQHandler) refers to dma_stm32f10x.o(i.DMA2_Channel4_Event) for DMA2_Channel4_Event
    dma_stm32f10x.o(i.DMA2_Channel4_5_IRQHandler) refers to dma_stm32f10x.o(i.DMA2_Channel5_Event) for DMA2_Channel5_Event
    dma_stm32f10x.o(i.DMA2_Channel4_IRQHandler) refers to dma_stm32f10x.o(i.DMA2_Channel4_Event) for DMA2_Channel4_Event
    dma_stm32f10x.o(i.DMA_ChannelInitialize) refers to dma_stm32f10x.o(i.__NVIC_ClearPendingIRQ) for __NVIC_ClearPendingIRQ
    dma_stm32f10x.o(i.DMA_ChannelInitialize) refers to dma_stm32f10x.o(i.__NVIC_EnableIRQ) for __NVIC_EnableIRQ
    dma_stm32f10x.o(i.DMA_ChannelInitialize) refers to dma_stm32f10x.o(.data) for DMA1_Channel
    dma_stm32f10x.o(i.DMA_ChannelUninitialize) refers to dma_stm32f10x.o(i.__NVIC_DisableIRQ) for __NVIC_DisableIRQ
    dma_stm32f10x.o(i.DMA_ChannelUninitialize) refers to dma_stm32f10x.o(.data) for DMA1_Channel
    gpio_stm32f10x.o(i.GPIO_PinConfigure) refers to gpio_stm32f10x.o(i.GPIO_GetPortClockState) for GPIO_GetPortClockState
    gpio_stm32f10x.o(i.GPIO_PinConfigure) refers to gpio_stm32f10x.o(i.GPIO_PortClock) for GPIO_PortClock
    startup_stm32f10x_hd.o(STACK) refers (Special) to heapauxi.o(.text) for __use_two_region_memory
    startup_stm32f10x_hd.o(HEAP) refers (Special) to heapauxi.o(.text) for __use_two_region_memory
    startup_stm32f10x_hd.o(RESET) refers (Special) to heapauxi.o(.text) for __use_two_region_memory
    startup_stm32f10x_hd.o(RESET) refers to startup_stm32f10x_hd.o(STACK) for __initial_sp
    startup_stm32f10x_hd.o(RESET) refers to startup_stm32f10x_hd.o(.text) for Reset_Handler
    startup_stm32f10x_hd.o(RESET) refers to delay.o(i.SysTick_Handler) for SysTick_Handler
    startup_stm32f10x_hd.o(RESET) refers to dma_stm32f10x.o(i.DMA1_Channel1_IRQHandler) for DMA1_Channel1_IRQHandler
    startup_stm32f10x_hd.o(RESET) refers to dma_stm32f10x.o(i.DMA1_Channel2_IRQHandler) for DMA1_Channel2_IRQHandler
    startup_stm32f10x_hd.o(RESET) refers to dma_stm32f10x.o(i.DMA1_Channel3_IRQHandler) for DMA1_Channel3_IRQHandler
    startup_stm32f10x_hd.o(RESET) refers to dma_stm32f10x.o(i.DMA1_Channel4_IRQHandler) for DMA1_Channel4_IRQHandler
    startup_stm32f10x_hd.o(RESET) refers to dma_stm32f10x.o(i.DMA1_Channel5_IRQHandler) for DMA1_Channel5_IRQHandler
    startup_stm32f10x_hd.o(RESET) refers to dma_stm32f10x.o(i.DMA1_Channel6_IRQHandler) for DMA1_Channel6_IRQHandler
    startup_stm32f10x_hd.o(RESET) refers to dma_stm32f10x.o(i.DMA1_Channel7_IRQHandler) for DMA1_Channel7_IRQHandler
    startup_stm32f10x_hd.o(RESET) refers to main.o(i.SPI1_IRQHandler) for SPI1_IRQHandler
    startup_stm32f10x_hd.o(RESET) refers to dma_stm32f10x.o(i.DMA2_Channel1_IRQHandler) for DMA2_Channel1_IRQHandler
    startup_stm32f10x_hd.o(RESET) refers to dma_stm32f10x.o(i.DMA2_Channel2_IRQHandler) for DMA2_Channel2_IRQHandler
    startup_stm32f10x_hd.o(RESET) refers to dma_stm32f10x.o(i.DMA2_Channel3_IRQHandler) for DMA2_Channel3_IRQHandler
    startup_stm32f10x_hd.o(RESET) refers to dma_stm32f10x.o(i.DMA2_Channel4_5_IRQHandler) for DMA2_Channel4_5_IRQHandler
    startup_stm32f10x_hd.o(.text) refers (Special) to heapauxi.o(.text) for __use_two_region_memory
    startup_stm32f10x_hd.o(.text) refers to system_stm32f10x.o(i.SystemInit) for SystemInit
    startup_stm32f10x_hd.o(.text) refers to __main.o(!!!main) for __main
    startup_stm32f10x_hd.o(.text) refers to startup_stm32f10x_hd.o(HEAP) for Heap_Mem
    startup_stm32f10x_hd.o(.text) refers to startup_stm32f10x_hd.o(STACK) for Stack_Mem
    system_stm32f10x.o(i.SetSysClock) refers to system_stm32f10x.o(i.SetSysClockTo72) for SetSysClockTo72
    system_stm32f10x.o(i.SystemCoreClockUpdate) refers to system_stm32f10x.o(.data) for SystemCoreClock
    system_stm32f10x.o(i.SystemInit) refers to system_stm32f10x.o(i.SetSysClock) for SetSysClock
    __main.o(!!!main) refers to __rtentry.o(.ARM.Collect$$rtentry$$00000000) for __rt_entry
    __rtentry.o(.ARM.Collect$$rtentry$$00000000) refers (Special) to __rtentry2.o(.ARM.Collect$$rtentry$$0000000A) for __rt_entry_li
    __rtentry.o(.ARM.Collect$$rtentry$$00000000) refers (Special) to __rtentry2.o(.ARM.Collect$$rtentry$$0000000D) for __rt_entry_main
    __rtentry.o(.ARM.Collect$$rtentry$$00000000) refers (Special) to __rtentry2.o(.ARM.Collect$$rtentry$$0000000C) for __rt_entry_postli_1
    __rtentry.o(.ARM.Collect$$rtentry$$00000000) refers (Special) to __rtentry2.o(.ARM.Collect$$rtentry$$00000009) for __rt_entry_postsh_1
    __rtentry.o(.ARM.Collect$$rtentry$$00000000) refers (Special) to __rtentry2.o(.ARM.Collect$$rtentry$$00000002) for __rt_entry_presh_1
    __rtentry.o(.ARM.Collect$$rtentry$$00000000) refers (Special) to __rtentry4.o(.ARM.Collect$$rtentry$$00000004) for __rt_entry_sh
    __rtentry2.o(.ARM.Collect$$rtentry$$00000008) refers to boardinit2.o(.text) for _platform_post_stackheap_init
    __rtentry2.o(.ARM.Collect$$rtentry$$0000000A) refers to libinit.o(.ARM.Collect$$libinit$$00000000) for __rt_lib_init
    __rtentry2.o(.ARM.Collect$$rtentry$$0000000B) refers to boardinit3.o(.text) for _platform_post_lib_init
    __rtentry2.o(.ARM.Collect$$rtentry$$0000000D) refers to main.o(i.main) for main
    __rtentry2.o(.ARM.Collect$$rtentry$$0000000D) refers to exit.o(.text) for exit
    __rtentry2.o(.ARM.exidx) refers to __rtentry2.o(.ARM.Collect$$rtentry$$00000001) for .ARM.Collect$$rtentry$$00000001
    __rtentry2.o(.ARM.exidx) refers to __rtentry2.o(.ARM.Collect$$rtentry$$00000008) for .ARM.Collect$$rtentry$$00000008
    __rtentry2.o(.ARM.exidx) refers to __rtentry2.o(.ARM.Collect$$rtentry$$0000000A) for .ARM.Collect$$rtentry$$0000000A
    __rtentry2.o(.ARM.exidx) refers to __rtentry2.o(.ARM.Collect$$rtentry$$0000000B) for .ARM.Collect$$rtentry$$0000000B
    __rtentry2.o(.ARM.exidx) refers to __rtentry2.o(.ARM.Collect$$rtentry$$0000000D) for .ARM.Collect$$rtentry$$0000000D
    __rtentry4.o(.ARM.Collect$$rtentry$$00000004) refers to sys_stackheap_outer.o(.text) for __user_setup_stackheap
    __rtentry4.o(.ARM.exidx) refers to __rtentry4.o(.ARM.Collect$$rtentry$$00000004) for .ARM.Collect$$rtentry$$00000004
    sys_stackheap_outer.o(.text) refers to libspace.o(.text) for __user_perproc_libspace
    sys_stackheap_outer.o(.text) refers to startup_stm32f10x_hd.o(.text) for __user_initial_stackheap
    exit.o(.text) refers to rtexit.o(.ARM.Collect$$rtexit$$00000000) for __rt_exit
    libinit.o(.ARM.Collect$$libinit$$00000000) refers (Special) to libinit2.o(.ARM.Collect$$libinit$$0000002E) for __rt_lib_init_alloca_1
    libinit.o(.ARM.Collect$$libinit$$00000000) refers (Special) to libinit2.o(.ARM.Collect$$libinit$$0000002C) for __rt_lib_init_argv_1
    libinit.o(.ARM.Collect$$libinit$$00000000) refers (Special) to libinit2.o(.ARM.Collect$$libinit$$0000001B) for __rt_lib_init_atexit_1
    libinit.o(.ARM.Collect$$libinit$$00000000) refers (Special) to libinit2.o(.ARM.Collect$$libinit$$00000021) for __rt_lib_init_clock_1
    libinit.o(.ARM.Collect$$libinit$$00000000) refers (Special) to libinit2.o(.ARM.Collect$$libinit$$00000032) for __rt_lib_init_cpp_1
    libinit.o(.ARM.Collect$$libinit$$00000000) refers (Special) to libinit2.o(.ARM.Collect$$libinit$$00000030) for __rt_lib_init_exceptions_1
    libinit.o(.ARM.Collect$$libinit$$00000000) refers (Special) to libinit2.o(.ARM.Collect$$libinit$$00000002) for __rt_lib_init_fp_1
    libinit.o(.ARM.Collect$$libinit$$00000000) refers (Special) to libinit2.o(.ARM.Collect$$libinit$$0000001F) for __rt_lib_init_fp_trap_1
    libinit.o(.ARM.Collect$$libinit$$00000000) refers (Special) to libinit2.o(.ARM.Collect$$libinit$$00000023) for __rt_lib_init_getenv_1
    libinit.o(.ARM.Collect$$libinit$$00000000) refers (Special) to libinit2.o(.ARM.Collect$$libinit$$0000000A) for __rt_lib_init_heap_1
    libinit.o(.ARM.Collect$$libinit$$00000000) refers (Special) to libinit2.o(.ARM.Collect$$libinit$$00000011) for __rt_lib_init_lc_collate_1
    libinit.o(.ARM.Collect$$libinit$$00000000) refers (Special) to libinit2.o(.ARM.Collect$$libinit$$00000013) for __rt_lib_init_lc_ctype_1
    libinit.o(.ARM.Collect$$libinit$$00000000) refers (Special) to libinit2.o(.ARM.Collect$$libinit$$00000015) for __rt_lib_init_lc_monetary_1
    libinit.o(.ARM.Collect$$libinit$$00000000) refers (Special) to libinit2.o(.ARM.Collect$$libinit$$00000017) for __rt_lib_init_lc_numeric_1
    libinit.o(.ARM.Collect$$libinit$$00000000) refers (Special) to libinit2.o(.ARM.Collect$$libinit$$00000019) for __rt_lib_init_lc_time_1
    libinit.o(.ARM.Collect$$libinit$$00000000) refers (Special) to libinit2.o(.ARM.Collect$$libinit$$00000004) for __rt_lib_init_preinit_1
    libinit.o(.ARM.Collect$$libinit$$00000000) refers (Special) to libinit2.o(.ARM.Collect$$libinit$$0000000E) for __rt_lib_init_rand_1
    libinit.o(.ARM.Collect$$libinit$$00000000) refers (Special) to libinit2.o(.ARM.Collect$$libinit$$00000033) for __rt_lib_init_return
    libinit.o(.ARM.Collect$$libinit$$00000000) refers (Special) to libinit2.o(.ARM.Collect$$libinit$$0000001D) for __rt_lib_init_signal_1
    libinit.o(.ARM.Collect$$libinit$$00000000) refers (Special) to libinit2.o(.ARM.Collect$$libinit$$00000025) for __rt_lib_init_stdio_1
    libinit.o(.ARM.Collect$$libinit$$00000000) refers (Special) to libinit2.o(.ARM.Collect$$libinit$$0000000C) for __rt_lib_init_user_alloc_1
    libspace.o(.text) refers to libspace.o(.bss) for __libspace_start
    rtexit.o(.ARM.Collect$$rtexit$$00000000) refers (Special) to rtexit2.o(.ARM.Collect$$rtexit$$00000004) for __rt_exit_exit
    rtexit.o(.ARM.Collect$$rtexit$$00000000) refers (Special) to rtexit2.o(.ARM.Collect$$rtexit$$00000003) for __rt_exit_ls
    rtexit.o(.ARM.Collect$$rtexit$$00000000) refers (Special) to rtexit2.o(.ARM.Collect$$rtexit$$00000002) for __rt_exit_prels_1
    rtexit.o(.ARM.exidx) refers (Special) to rtexit2.o(.ARM.Collect$$rtexit$$00000004) for __rt_exit_exit
    rtexit.o(.ARM.exidx) refers (Special) to rtexit2.o(.ARM.Collect$$rtexit$$00000003) for __rt_exit_ls
    rtexit.o(.ARM.exidx) refers (Special) to rtexit2.o(.ARM.Collect$$rtexit$$00000002) for __rt_exit_prels_1
    rtexit.o(.ARM.exidx) refers to rtexit.o(.ARM.Collect$$rtexit$$00000000) for .ARM.Collect$$rtexit$$00000000
    libinit2.o(.ARM.Collect$$libinit$$00000010) refers to libinit2.o(.ARM.Collect$$libinit$$0000000F) for .ARM.Collect$$libinit$$0000000F
    libinit2.o(.ARM.Collect$$libinit$$00000012) refers to libinit2.o(.ARM.Collect$$libinit$$0000000F) for .ARM.Collect$$libinit$$0000000F
    libinit2.o(.ARM.Collect$$libinit$$00000014) refers to libinit2.o(.ARM.Collect$$libinit$$0000000F) for .ARM.Collect$$libinit$$0000000F
    libinit2.o(.ARM.Collect$$libinit$$00000016) refers to libinit2.o(.ARM.Collect$$libinit$$0000000F) for .ARM.Collect$$libinit$$0000000F
    libinit2.o(.ARM.Collect$$libinit$$00000018) refers to libinit2.o(.ARM.Collect$$libinit$$0000000F) for .ARM.Collect$$libinit$$0000000F
    libinit2.o(.ARM.Collect$$libinit$$00000026) refers to argv_veneer.o(.emb_text) for __ARM_argv_veneer
    libinit2.o(.ARM.Collect$$libinit$$00000027) refers to argv_veneer.o(.emb_text) for __ARM_argv_veneer
    rtexit2.o(.ARM.Collect$$rtexit$$00000003) refers to libshutdown.o(.ARM.Collect$$libshutdown$$00000000) for __rt_lib_shutdown
    rtexit2.o(.ARM.Collect$$rtexit$$00000004) refers to sys_exit.o(.text) for _sys_exit
    rtexit2.o(.ARM.exidx) refers to rtexit2.o(.ARM.Collect$$rtexit$$00000001) for .ARM.Collect$$rtexit$$00000001
    rtexit2.o(.ARM.exidx) refers to rtexit2.o(.ARM.Collect$$rtexit$$00000003) for .ARM.Collect$$rtexit$$00000003
    rtexit2.o(.ARM.exidx) refers to rtexit2.o(.ARM.Collect$$rtexit$$00000004) for .ARM.Collect$$rtexit$$00000004
    argv_veneer.o(.emb_text) refers to no_argv.o(.text) for __ARM_get_argv
    sys_exit.o(.text) refers (Special) to use_no_semi.o(.text) for __I$use$semihosting
    sys_exit.o(.text) refers (Special) to indicate_semi.o(.text) for __semihosting_library_function
    _get_argv_nomalloc.o(.text) refers (Special) to hrguard.o(.text) for __heap_region$guard
    _get_argv_nomalloc.o(.text) refers to defsig_rtmem_outer.o(.text) for __rt_SIGRTMEM
    _get_argv_nomalloc.o(.text) refers to sys_command.o(.text) for _sys_command_string
    libshutdown.o(.ARM.Collect$$libshutdown$$00000000) refers (Special) to libshutdown2.o(.ARM.Collect$$libshutdown$$00000002) for __rt_lib_shutdown_cpp_1
    libshutdown.o(.ARM.Collect$$libshutdown$$00000000) refers (Special) to libshutdown2.o(.ARM.Collect$$libshutdown$$00000007) for __rt_lib_shutdown_fp_trap_1
    libshutdown.o(.ARM.Collect$$libshutdown$$00000000) refers (Special) to libshutdown2.o(.ARM.Collect$$libshutdown$$0000000F) for __rt_lib_shutdown_heap_1
    libshutdown.o(.ARM.Collect$$libshutdown$$00000000) refers (Special) to libshutdown2.o(.ARM.Collect$$libshutdown$$00000010) for __rt_lib_shutdown_return
    libshutdown.o(.ARM.Collect$$libshutdown$$00000000) refers (Special) to libshutdown2.o(.ARM.Collect$$libshutdown$$0000000A) for __rt_lib_shutdown_signal_1
    libshutdown.o(.ARM.Collect$$libshutdown$$00000000) refers (Special) to libshutdown2.o(.ARM.Collect$$libshutdown$$00000004) for __rt_lib_shutdown_stdio_1
    libshutdown.o(.ARM.Collect$$libshutdown$$00000000) refers (Special) to libshutdown2.o(.ARM.Collect$$libshutdown$$0000000C) for __rt_lib_shutdown_user_alloc_1
    sys_command.o(.text) refers (Special) to use_no_semi.o(.text) for __I$use$semihosting
    sys_command.o(.text) refers (Special) to indicate_semi.o(.text) for __semihosting_library_function
    defsig_rtmem_outer.o(.text) refers to defsig_rtmem_inner.o(.text) for __rt_SIGRTMEM_inner
    defsig_rtmem_outer.o(.text) refers to defsig_exit.o(.text) for __sig_exit
    defsig_rtmem_formal.o(.text) refers to rt_raise.o(.text) for __rt_raise
    rt_raise.o(.text) refers to __raise.o(.text) for __raise
    rt_raise.o(.text) refers to sys_exit.o(.text) for _sys_exit
    defsig_exit.o(.text) refers to sys_exit.o(.text) for _sys_exit
    defsig_rtmem_inner.o(.text) refers to defsig_general.o(.text) for __default_signal_display
    __raise.o(.text) refers to defsig.o(CL$$defsig) for __default_signal_handler
    defsig_general.o(.text) refers to sys_wrch.o(.text) for _ttywrch
    sys_wrch.o(.text) refers (Special) to use_no_semi.o(.text) for __I$use$semihosting
    sys_wrch.o(.text) refers (Special) to indicate_semi.o(.text) for __semihosting_library_function
    defsig.o(CL$$defsig) refers to defsig_rtmem_inner.o(.text) for __rt_SIGRTMEM_inner
    defsig_abrt_inner.o(.text) refers to defsig_general.o(.text) for __default_signal_display
    defsig_fpe_inner.o(.text) refers to defsig_general.o(.text) for __default_signal_display
    defsig_rtred_inner.o(.text) refers to defsig_general.o(.text) for __default_signal_display
    defsig_stak_inner.o(.text) refers to defsig_general.o(.text) for __default_signal_display
    defsig_pvfn_inner.o(.text) refers to defsig_general.o(.text) for __default_signal_display
    defsig_cppl_inner.o(.text) refers to defsig_general.o(.text) for __default_signal_display
    defsig_segv_inner.o(.text) refers to defsig_general.o(.text) for __default_signal_display
    defsig_other.o(.text) refers to defsig_general.o(.text) for __default_signal_display


==============================================================================

Removing Unused input sections from the image.

    Removing main.o(.rev16_text), (4 bytes).
    Removing main.o(.revsh_text), (4 bytes).
    Removing main.o(.rrx_text), (6 bytes).
    Removing main.o(.data), (2 bytes).
    Removing delay.o(.rev16_text), (4 bytes).
    Removing delay.o(.revsh_text), (4 bytes).
    Removing delay.o(.rrx_text), (6 bytes).
    Removing delay.o(i.delay_ms), (60 bytes).
    Removing gpio_config.o(.rev16_text), (4 bytes).
    Removing gpio_config.o(.revsh_text), (4 bytes).
    Removing gpio_config.o(.rrx_text), (6 bytes).
    Removing gpio_config.o(i.AFIO_Activate), (32 bytes).
    Removing gpio_config.o(i.Interrupt_Init), (380 bytes).
    Removing gpio_config.o(i.checkPR), (28 bytes).
    Removing gpio_config.o(i.clear_interrupt), (32 bytes).
    Removing gpio_config.o(i.readPin), (34 bytes).
    Removing gpio_config.o(i.readPort), (12 bytes).
    Removing gpio_config.o(i.setHigh), (32 bytes).
    Removing gpio_config.o(i.setLow), (32 bytes).
    Removing gpio_config.o(i.writePin), (58 bytes).
    Removing gpio_config.o(i.writePort), (16 bytes).
    Removing gpio_config.o(.data), (8 bytes).
    Removing spi.o(.rev16_text), (4 bytes).
    Removing spi.o(.revsh_text), (4 bytes).
    Removing spi.o(.rrx_text), (6 bytes).
    Removing spi.o(i.Rx_Master), (60 bytes).
    Removing spi.o(i.SPI_Master_Rx), (44 bytes).
    Removing spi.o(i.SPI_Master_Tx), (34 bytes).
    Removing spi.o(i.Tx_Master), (38 bytes).
    Removing spi.o(.constdata), (10 bytes).
    Removing spi.o(.data), (2 bytes).
    Removing dma_stm32f10x.o(.rev16_text), (4 bytes).
    Removing dma_stm32f10x.o(.revsh_text), (4 bytes).
    Removing dma_stm32f10x.o(.rrx_text), (6 bytes).
    Removing dma_stm32f10x.o(i.DMA2_Channel4_IRQHandler), (32 bytes).
    Removing dma_stm32f10x.o(i.DMA_ChannelInitialize), (464 bytes).
    Removing dma_stm32f10x.o(i.DMA_ChannelUninitialize), (356 bytes).
    Removing dma_stm32f10x.o(i.__NVIC_ClearPendingIRQ), (28 bytes).
    Removing dma_stm32f10x.o(i.__NVIC_DisableIRQ), (60 bytes).
    Removing dma_stm32f10x.o(i.__NVIC_EnableIRQ), (26 bytes).
    Removing dma_stm32f10x.o(.data), (2 bytes).
    Removing gpio_stm32f10x.o(.rev16_text), (4 bytes).
    Removing gpio_stm32f10x.o(.revsh_text), (4 bytes).
    Removing gpio_stm32f10x.o(.rrx_text), (6 bytes).
    Removing gpio_stm32f10x.o(i.GPIO_AFConfigure), (88 bytes).
    Removing gpio_stm32f10x.o(i.GPIO_GetPortClockState), (152 bytes).
    Removing gpio_stm32f10x.o(i.GPIO_PinConfigure), (120 bytes).
    Removing gpio_stm32f10x.o(i.GPIO_PortClock), (316 bytes).
    Removing system_stm32f10x.o(.rev16_text), (4 bytes).
    Removing system_stm32f10x.o(.revsh_text), (4 bytes).
    Removing system_stm32f10x.o(.rrx_text), (6 bytes).
    Removing system_stm32f10x.o(i.SystemCoreClockUpdate), (164 bytes).

52 unused section(s) (total 2820 bytes) removed from the image.

==============================================================================

Image Symbol Table

    Local Symbols

    Symbol Name                              Value     Ov Type        Size  Object(Section)

    ../clib/angel/boardlib.s                 0x00000000   Number         0  boardinit2.o ABSOLUTE
    ../clib/angel/boardlib.s                 0x00000000   Number         0  boardinit3.o ABSOLUTE
    ../clib/angel/boardlib.s                 0x00000000   Number         0  boardshut.o ABSOLUTE
    ../clib/angel/boardlib.s                 0x00000000   Number         0  boardinit1.o ABSOLUTE
    ../clib/angel/handlers.s                 0x00000000   Number         0  __scatter_zi.o ABSOLUTE
    ../clib/angel/handlers.s                 0x00000000   Number         0  __scatter_copy.o ABSOLUTE
    ../clib/angel/kernel.s                   0x00000000   Number         0  rtexit2.o ABSOLUTE
    ../clib/angel/kernel.s                   0x00000000   Number         0  __rtentry.o ABSOLUTE
    ../clib/angel/kernel.s                   0x00000000   Number         0  rtexit.o ABSOLUTE
    ../clib/angel/kernel.s                   0x00000000   Number         0  __rtentry2.o ABSOLUTE
    ../clib/angel/kernel.s                   0x00000000   Number         0  __rtentry4.o ABSOLUTE
    ../clib/angel/rt.s                       0x00000000   Number         0  rt_raise.o ABSOLUTE
    ../clib/angel/scatter.s                  0x00000000   Number         0  __scatter.o ABSOLUTE
    ../clib/angel/startup.s                  0x00000000   Number         0  __main.o ABSOLUTE
    ../clib/angel/sys.s                      0x00000000   Number         0  libspace.o ABSOLUTE
    ../clib/angel/sys.s                      0x00000000   Number         0  sys_stackheap_outer.o ABSOLUTE
    ../clib/angel/sys.s                      0x00000000   Number         0  indicate_semi.o ABSOLUTE
    ../clib/angel/sys.s                      0x00000000   Number         0  use_no_semi.o ABSOLUTE
    ../clib/angel/sysapp.c                   0x00000000   Number         0  sys_command.o ABSOLUTE
    ../clib/angel/sysapp.c                   0x00000000   Number         0  sys_wrch.o ABSOLUTE
    ../clib/angel/sysapp.c                   0x00000000   Number         0  sys_exit.o ABSOLUTE
    ../clib/armsys.c                         0x00000000   Number         0  argv_veneer.o ABSOLUTE
    ../clib/armsys.c                         0x00000000   Number         0  no_argv.o ABSOLUTE
    ../clib/armsys.c                         0x00000000   Number         0  _get_argv_nomalloc.o ABSOLUTE
    ../clib/armsys.c                         0x00000000   Number         0  argv_veneer.o ABSOLUTE
    ../clib/heapalloc.c                      0x00000000   Number         0  hrguard.o ABSOLUTE
    ../clib/heapaux.c                        0x00000000   Number         0  heapauxi.o ABSOLUTE
    ../clib/libinit.s                        0x00000000   Number         0  libinit.o ABSOLUTE
    ../clib/libinit.s                        0x00000000   Number         0  libshutdown.o ABSOLUTE
    ../clib/libinit.s                        0x00000000   Number         0  libinit2.o ABSOLUTE
    ../clib/libinit.s                        0x00000000   Number         0  libshutdown2.o ABSOLUTE
    ../clib/memcpset.s                       0x00000000   Number         0  rt_memcpy_w.o ABSOLUTE
    ../clib/signal.c                         0x00000000   Number         0  defsig_pvfn_inner.o ABSOLUTE
    ../clib/signal.c                         0x00000000   Number         0  defsig_other.o ABSOLUTE
    ../clib/signal.c                         0x00000000   Number         0  defsig_segv_inner.o ABSOLUTE
    ../clib/signal.c                         0x00000000   Number         0  defsig_cppl_inner.o ABSOLUTE
    ../clib/signal.c                         0x00000000   Number         0  defsig_stak_inner.o ABSOLUTE
    ../clib/signal.c                         0x00000000   Number         0  defsig_rtred_inner.o ABSOLUTE
    ../clib/signal.c                         0x00000000   Number         0  defsig_fpe_inner.o ABSOLUTE
    ../clib/signal.c                         0x00000000   Number         0  defsig_rtmem_outer.o ABSOLUTE
    ../clib/signal.c                         0x00000000   Number         0  defsig_abrt_inner.o ABSOLUTE
    ../clib/signal.c                         0x00000000   Number         0  defsig_general.o ABSOLUTE
    ../clib/signal.c                         0x00000000   Number         0  __raise.o ABSOLUTE
    ../clib/signal.c                         0x00000000   Number         0  defsig_rtmem_inner.o ABSOLUTE
    ../clib/signal.c                         0x00000000   Number         0  defsig_exit.o ABSOLUTE
    ../clib/signal.c                         0x00000000   Number         0  defsig_rtmem_formal.o ABSOLUTE
    ../clib/signal.s                         0x00000000   Number         0  defsig.o ABSOLUTE
    ../clib/stdlib.c                         0x00000000   Number         0  exit.o ABSOLUTE
    ../fplib/fpinit.s                        0x00000000   Number         0  fpinit.o ABSOLUTE
    ..\..\interrupt check\delay.c            0x00000000   Number         0  delay.o ABSOLUTE
    ..\\..\\interrupt check\\delay.c         0x00000000   Number         0  delay.o ABSOLUTE
    C:\Keil_v5\ARM\PACK\Keil\STM32F1xx_DFP\2.1.0\RTE_Driver\DMA_STM32F10x.c 0x00000000   Number         0  dma_stm32f10x.o ABSOLUTE
    C:\Keil_v5\ARM\PACK\Keil\STM32F1xx_DFP\2.1.0\RTE_Driver\GPIO_STM32F10x.c 0x00000000   Number         0  gpio_stm32f10x.o ABSOLUTE
    C:\\Keil_v5\\ARM\\PACK\\Keil\\STM32F1xx_DFP\\2.1.0\\RTE_Driver\\DMA_STM32F10x.c 0x00000000   Number         0  dma_stm32f10x.o ABSOLUTE
    C:\\Keil_v5\\ARM\\PACK\\Keil\\STM32F1xx_DFP\\2.1.0\\RTE_Driver\\GPIO_STM32F10x.c 0x00000000   Number         0  gpio_stm32f10x.o ABSOLUTE
    GPIO_Config.c                            0x00000000   Number         0  gpio_config.o ABSOLUTE
    GPIO_Config.c                            0x00000000   Number         0  gpio_config.o ABSOLUTE
    Main.c                                   0x00000000   Number         0  main.o ABSOLUTE
    Main.c                                   0x00000000   Number         0  main.o ABSOLUTE
    RTE\Device\STM32F103VE\startup_stm32f10x_hd.s 0x00000000   Number         0  startup_stm32f10x_hd.o ABSOLUTE
    RTE\Device\STM32F103VE\system_stm32f10x.c 0x00000000   Number         0  system_stm32f10x.o ABSOLUTE
    RTE\\Device\\STM32F103VE\\system_stm32f10x.c 0x00000000   Number         0  system_stm32f10x.o ABSOLUTE
    SPI.c                                    0x00000000   Number         0  spi.o ABSOLUTE
    SPI.c                                    0x00000000   Number         0  spi.o ABSOLUTE
    dc.s                                     0x00000000   Number         0  dc.o ABSOLUTE
    RESET                                    0x08000000   Section      304  startup_stm32f10x_hd.o(RESET)
    !!!main                                  0x08000130   Section        8  __main.o(!!!main)
    !!!scatter                               0x08000138   Section       52  __scatter.o(!!!scatter)
    !!handler_copy                           0x0800016c   Section       26  __scatter_copy.o(!!handler_copy)
    !!handler_zi                             0x08000188   Section       28  __scatter_zi.o(!!handler_zi)
    .ARM.Collect$$libinit$$00000000          0x080001a4   Section        2  libinit.o(.ARM.Collect$$libinit$$00000000)
    .ARM.Collect$$libinit$$00000002          0x080001a6   Section        0  libinit2.o(.ARM.Collect$$libinit$$00000002)
    .ARM.Collect$$libinit$$00000004          0x080001a6   Section        0  libinit2.o(.ARM.Collect$$libinit$$00000004)
    .ARM.Collect$$libinit$$0000000A          0x080001a6   Section        0  libinit2.o(.ARM.Collect$$libinit$$0000000A)
    .ARM.Collect$$libinit$$0000000C          0x080001a6   Section        0  libinit2.o(.ARM.Collect$$libinit$$0000000C)
    .ARM.Collect$$libinit$$0000000E          0x080001a6   Section        0  libinit2.o(.ARM.Collect$$libinit$$0000000E)
    .ARM.Collect$$libinit$$00000011          0x080001a6   Section        0  libinit2.o(.ARM.Collect$$libinit$$00000011)
    .ARM.Collect$$libinit$$00000013          0x080001a6   Section        0  libinit2.o(.ARM.Collect$$libinit$$00000013)
    .ARM.Collect$$libinit$$00000015          0x080001a6   Section        0  libinit2.o(.ARM.Collect$$libinit$$00000015)
    .ARM.Collect$$libinit$$00000017          0x080001a6   Section        0  libinit2.o(.ARM.Collect$$libinit$$00000017)
    .ARM.Collect$$libinit$$00000019          0x080001a6   Section        0  libinit2.o(.ARM.Collect$$libinit$$00000019)
    .ARM.Collect$$libinit$$0000001B          0x080001a6   Section        0  libinit2.o(.ARM.Collect$$libinit$$0000001B)
    .ARM.Collect$$libinit$$0000001D          0x080001a6   Section        0  libinit2.o(.ARM.Collect$$libinit$$0000001D)
    .ARM.Collect$$libinit$$0000001F          0x080001a6   Section        0  libinit2.o(.ARM.Collect$$libinit$$0000001F)
    .ARM.Collect$$libinit$$00000021          0x080001a6   Section        0  libinit2.o(.ARM.Collect$$libinit$$00000021)
    .ARM.Collect$$libinit$$00000023          0x080001a6   Section        0  libinit2.o(.ARM.Collect$$libinit$$00000023)
    .ARM.Collect$$libinit$$00000025          0x080001a6   Section        0  libinit2.o(.ARM.Collect$$libinit$$00000025)
    .ARM.Collect$$libinit$$0000002C          0x080001a6   Section        0  libinit2.o(.ARM.Collect$$libinit$$0000002C)
    .ARM.Collect$$libinit$$0000002E          0x080001a6   Section        0  libinit2.o(.ARM.Collect$$libinit$$0000002E)
    .ARM.Collect$$libinit$$00000030          0x080001a6   Section        0  libinit2.o(.ARM.Collect$$libinit$$00000030)
    .ARM.Collect$$libinit$$00000032          0x080001a6   Section        0  libinit2.o(.ARM.Collect$$libinit$$00000032)
    .ARM.Collect$$libinit$$00000033          0x080001a6   Section        2  libinit2.o(.ARM.Collect$$libinit$$00000033)
    .ARM.Collect$$libshutdown$$00000000      0x080001a8   Section        2  libshutdown.o(.ARM.Collect$$libshutdown$$00000000)
    .ARM.Collect$$libshutdown$$00000002      0x080001aa   Section        0  libshutdown2.o(.ARM.Collect$$libshutdown$$00000002)
    .ARM.Collect$$libshutdown$$00000004      0x080001aa   Section        0  libshutdown2.o(.ARM.Collect$$libshutdown$$00000004)
    .ARM.Collect$$libshutdown$$00000007      0x080001aa   Section        0  libshutdown2.o(.ARM.Collect$$libshutdown$$00000007)
    .ARM.Collect$$libshutdown$$0000000A      0x080001aa   Section        0  libshutdown2.o(.ARM.Collect$$libshutdown$$0000000A)
    .ARM.Collect$$libshutdown$$0000000C      0x080001aa   Section        0  libshutdown2.o(.ARM.Collect$$libshutdown$$0000000C)
    .ARM.Collect$$libshutdown$$0000000F      0x080001aa   Section        0  libshutdown2.o(.ARM.Collect$$libshutdown$$0000000F)
    .ARM.Collect$$libshutdown$$00000010      0x080001aa   Section        2  libshutdown2.o(.ARM.Collect$$libshutdown$$00000010)
    .ARM.Collect$$rtentry$$00000000          0x080001ac   Section        0  __rtentry.o(.ARM.Collect$$rtentry$$00000000)
    .ARM.Collect$$rtentry$$00000002          0x080001ac   Section        0  __rtentry2.o(.ARM.Collect$$rtentry$$00000002)
    .ARM.Collect$$rtentry$$00000004          0x080001ac   Section        6  __rtentry4.o(.ARM.Collect$$rtentry$$00000004)
    .ARM.Collect$$rtentry$$00000009          0x080001b2   Section        0  __rtentry2.o(.ARM.Collect$$rtentry$$00000009)
    .ARM.Collect$$rtentry$$0000000A          0x080001b2   Section        4  __rtentry2.o(.ARM.Collect$$rtentry$$0000000A)
    .ARM.Collect$$rtentry$$0000000C          0x080001b6   Section        0  __rtentry2.o(.ARM.Collect$$rtentry$$0000000C)
    .ARM.Collect$$rtentry$$0000000D          0x080001b6   Section        8  __rtentry2.o(.ARM.Collect$$rtentry$$0000000D)
    .ARM.Collect$$rtexit$$00000000           0x080001be   Section        2  rtexit.o(.ARM.Collect$$rtexit$$00000000)
    .ARM.Collect$$rtexit$$00000002           0x080001c0   Section        0  rtexit2.o(.ARM.Collect$$rtexit$$00000002)
    .ARM.Collect$$rtexit$$00000003           0x080001c0   Section        4  rtexit2.o(.ARM.Collect$$rtexit$$00000003)
    .ARM.Collect$$rtexit$$00000004           0x080001c4   Section        6  rtexit2.o(.ARM.Collect$$rtexit$$00000004)
    .text                                    0x080001cc   Section       64  startup_stm32f10x_hd.o(.text)
    .text                                    0x0800020c   Section      100  rt_memcpy_w.o(.text)
    .text                                    0x08000270   Section        0  heapauxi.o(.text)
    .text                                    0x08000276   Section       74  sys_stackheap_outer.o(.text)
    .text                                    0x080002c0   Section        0  exit.o(.text)
    .text                                    0x080002d4   Section        8  libspace.o(.text)
    .text                                    0x080002dc   Section        0  sys_exit.o(.text)
    .text                                    0x080002e8   Section        2  use_no_semi.o(.text)
    .text                                    0x080002ea   Section        0  indicate_semi.o(.text)
    i.DMA1_Channel1_Event                    0x080002ea   Section        0  dma_stm32f10x.o(i.DMA1_Channel1_Event)
    i.DMA1_Channel1_IRQHandler               0x080002ec   Section        0  dma_stm32f10x.o(i.DMA1_Channel1_IRQHandler)
    i.DMA1_Channel2_Event                    0x08000308   Section        0  dma_stm32f10x.o(i.DMA1_Channel2_Event)
    i.DMA1_Channel2_IRQHandler               0x0800030c   Section        0  dma_stm32f10x.o(i.DMA1_Channel2_IRQHandler)
    i.DMA1_Channel3_Event                    0x08000328   Section        0  dma_stm32f10x.o(i.DMA1_Channel3_Event)
    i.DMA1_Channel3_IRQHandler               0x0800032c   Section        0  dma_stm32f10x.o(i.DMA1_Channel3_IRQHandler)
    i.DMA1_Channel4_Event                    0x08000348   Section        0  dma_stm32f10x.o(i.DMA1_Channel4_Event)
    i.DMA1_Channel4_IRQHandler               0x0800034c   Section        0  dma_stm32f10x.o(i.DMA1_Channel4_IRQHandler)
    i.DMA1_Channel5_Event                    0x08000368   Section        0  dma_stm32f10x.o(i.DMA1_Channel5_Event)
    i.DMA1_Channel5_IRQHandler               0x0800036c   Section        0  dma_stm32f10x.o(i.DMA1_Channel5_IRQHandler)
    i.DMA1_Channel6_Event                    0x08000388   Section        0  dma_stm32f10x.o(i.DMA1_Channel6_Event)
    i.DMA1_Channel6_IRQHandler               0x0800038c   Section        0  dma_stm32f10x.o(i.DMA1_Channel6_IRQHandler)
    i.DMA1_Channel7_Event                    0x080003a8   Section        0  dma_stm32f10x.o(i.DMA1_Channel7_Event)
    i.DMA1_Channel7_IRQHandler               0x080003ac   Section        0  dma_stm32f10x.o(i.DMA1_Channel7_IRQHandler)
    i.DMA2_Channel1_Event                    0x080003c8   Section        0  dma_stm32f10x.o(i.DMA2_Channel1_Event)
    i.DMA2_Channel1_IRQHandler               0x080003cc   Section        0  dma_stm32f10x.o(i.DMA2_Channel1_IRQHandler)
    i.DMA2_Channel2_Event                    0x080003e8   Section        0  dma_stm32f10x.o(i.DMA2_Channel2_Event)
    i.DMA2_Channel2_IRQHandler               0x080003ec   Section        0  dma_stm32f10x.o(i.DMA2_Channel2_IRQHandler)
    i.DMA2_Channel3_Event                    0x0800040c   Section        0  dma_stm32f10x.o(i.DMA2_Channel3_Event)
    i.DMA2_Channel3_IRQHandler               0x08000410   Section        0  dma_stm32f10x.o(i.DMA2_Channel3_IRQHandler)
    i.DMA2_Channel4_5_IRQHandler             0x08000430   Section        0  dma_stm32f10x.o(i.DMA2_Channel4_5_IRQHandler)
    i.DMA2_Channel4_Event                    0x08000468   Section        0  dma_stm32f10x.o(i.DMA2_Channel4_Event)
    i.DMA2_Channel5_Event                    0x0800046a   Section        0  dma_stm32f10x.o(i.DMA2_Channel5_Event)
    i.Decrement                              0x0800046c   Section        0  delay.o(i.Decrement)
    i.Disable_Rxe_Interrupt                  0x0800047c   Section        0  spi.o(i.Disable_Rxe_Interrupt)
    i.Disable_Spi                            0x08000490   Section        0  spi.o(i.Disable_Spi)
    i.Disable_Txe_Interrupt                  0x080004e8   Section        0  spi.o(i.Disable_Txe_Interrupt)
    i.Enable_Rxe_Interrupt                   0x080004fc   Section        0  spi.o(i.Enable_Rxe_Interrupt)
    i.Enable_Spi                             0x0800050c   Section        0  spi.o(i.Enable_Spi)
    i.Enable_Txe_Interrupt                   0x0800056c   Section        0  spi.o(i.Enable_Txe_Interrupt)
    i.Rx_Handle                              0x0800057a   Section        0  spi.o(i.Rx_Handle)
    Rx_Handle                                0x0800057b   Thumb Code    66  spi.o(i.Rx_Handle)
    i.Rx_Interrupt_Handle                    0x080005bc   Section        0  spi.o(i.Rx_Interrupt_Handle)
    Rx_Interrupt_Handle                      0x080005bd   Thumb Code   100  spi.o(i.Rx_Interrupt_Handle)
    i.SPI1_IRQHandler                        0x08000620   Section        0  main.o(i.SPI1_IRQHandler)
    i.SPI_Init                               0x08000630   Section        0  spi.o(i.SPI_Init)
    i.SPI_Irqn                               0x0800079c   Section        0  spi.o(i.SPI_Irqn)
    i.SPI_Slave_Rx                           0x08000804   Section        0  spi.o(i.SPI_Slave_Rx)
    i.SPI_Slave_Tx                           0x08000830   Section        0  spi.o(i.SPI_Slave_Tx)
    i.SetSysClock                            0x08000872   Section        0  system_stm32f10x.o(i.SetSysClock)
    SetSysClock                              0x08000873   Thumb Code     8  system_stm32f10x.o(i.SetSysClock)
    i.SetSysClockTo72                        0x0800087c   Section        0  system_stm32f10x.o(i.SetSysClockTo72)
    SetSysClockTo72                          0x0800087d   Thumb Code   214  system_stm32f10x.o(i.SetSysClockTo72)
    i.SysTick_Config                         0x0800095c   Section        0  delay.o(i.SysTick_Config)
    SysTick_Config                           0x0800095d   Thumb Code    50  delay.o(i.SysTick_Config)
    i.SysTick_Handler                        0x08000990   Section        0  delay.o(i.SysTick_Handler)
    i.SystemInit                             0x080009a8   Section        0  system_stm32f10x.o(i.SystemInit)
    i.Tx_Handle                              0x08000a08   Section        0  spi.o(i.Tx_Handle)
    Tx_Handle                                0x08000a09   Thumb Code    64  spi.o(i.Tx_Handle)
    i.Tx_Interrupt_Handle                    0x08000a48   Section        0  spi.o(i.Tx_Interrupt_Handle)
    Tx_Interrupt_Handle                      0x08000a49   Thumb Code    86  spi.o(i.Tx_Interrupt_Handle)
    i.__NVIC_DisableIRQ                      0x08000aa0   Section        0  spi.o(i.__NVIC_DisableIRQ)
    __NVIC_DisableIRQ                        0x08000aa1   Thumb Code    54  spi.o(i.__NVIC_DisableIRQ)
    i.__NVIC_EnableIRQ                       0x08000adc   Section        0  spi.o(i.__NVIC_EnableIRQ)
    __NVIC_EnableIRQ                         0x08000add   Thumb Code    26  spi.o(i.__NVIC_EnableIRQ)
    i.__NVIC_SetPriority                     0x08000af8   Section        0  delay.o(i.__NVIC_SetPriority)
    __NVIC_SetPriority                       0x08000af9   Thumb Code    32  delay.o(i.__NVIC_SetPriority)
    i.__NVIC_SetPriority                     0x08000b20   Section        0  spi.o(i.__NVIC_SetPriority)
    __NVIC_SetPriority                       0x08000b21   Thumb Code    32  spi.o(i.__NVIC_SetPriority)
    i.delay_us                               0x08000b48   Section        0  delay.o(i.delay_us)
    i.main                                   0x08000b88   Section        0  main.o(i.main)
    i.setUpPort                              0x08000bfc   Section        0  gpio_config.o(i.setUpPort)
    .data                                    0x20000000   Section        4  delay.o(.data)
    sysTickCounter                           0x20000000   Data           4  delay.o(.data)
    .data                                    0x20000004   Section       20  system_stm32f10x.o(.data)
    .bss                                     0x20000018   Section       76  main.o(.bss)
    .bss                                     0x20000064   Section       96  libspace.o(.bss)
    HEAP                                     0x200000c8   Section      512  startup_stm32f10x_hd.o(HEAP)
    Heap_Mem                                 0x200000c8   Data         512  startup_stm32f10x_hd.o(HEAP)
    STACK                                    0x200002c8   Section     1024  startup_stm32f10x_hd.o(STACK)
    Stack_Mem                                0x200002c8   Data        1024  startup_stm32f10x_hd.o(STACK)
    __initial_sp                             0x200006c8   Data           0  startup_stm32f10x_hd.o(STACK)

    Global Symbols

    Symbol Name                              Value     Ov Type        Size  Object(Section)

    BuildAttributes$$THM_ISAv4$P$D$K$B$S$PE$A:L22UL41UL21$X:L11$S22US41US21$IEEE1$IW$USESV6$~STKCKD$USESV7$~SHL$OSPACE$ROPI$EBA8$UX$STANDARDLIB$REQ8$PRES8$EABIv2 0x00000000   Number         0  anon$$obj.o ABSOLUTE
    __ARM_use_no_argv                        0x00000000   Number         0  main.o ABSOLUTE
    __ARM_exceptions_init                     - Undefined Weak Reference
    __alloca_initialize                       - Undefined Weak Reference
    __arm_preinit_                            - Undefined Weak Reference
    __cpp_initialize__aeabi_                  - Undefined Weak Reference
    __cxa_finalize                            - Undefined Weak Reference
    __rt_locale                               - Undefined Weak Reference
    __sigvec_lookup                           - Undefined Weak Reference
    _atexit_init                              - Undefined Weak Reference
    _call_atexit_fns                          - Undefined Weak Reference
    _clock_init                               - Undefined Weak Reference
    _fp_trap_init                             - Undefined Weak Reference
    _fp_trap_shutdown                         - Undefined Weak Reference
    _get_lc_collate                           - Undefined Weak Reference
    _get_lc_ctype                             - Undefined Weak Reference
    _get_lc_monetary                          - Undefined Weak Reference
    _get_lc_numeric                           - Undefined Weak Reference
    _get_lc_time                              - Undefined Weak Reference
    _getenv_init                              - Undefined Weak Reference
    _handle_redirection                       - Undefined Weak Reference
    _init_alloc                               - Undefined Weak Reference
    _init_user_alloc                          - Undefined Weak Reference
    _initio                                   - Undefined Weak Reference
    _rand_init                                - Undefined Weak Reference
    _signal_finish                            - Undefined Weak Reference
    _signal_init                              - Undefined Weak Reference
    _terminate_alloc                          - Undefined Weak Reference
    _terminate_user_alloc                     - Undefined Weak Reference
    _terminateio                              - Undefined Weak Reference
    __Vectors_Size                           0x00000130   Number         0  startup_stm32f10x_hd.o ABSOLUTE
    __Vectors                                0x08000000   Data           4  startup_stm32f10x_hd.o(RESET)
    __Vectors_End                            0x08000130   Data           0  startup_stm32f10x_hd.o(RESET)
    __main                                   0x08000131   Thumb Code     8  __main.o(!!!main)
    __scatterload                            0x08000139   Thumb Code     0  __scatter.o(!!!scatter)
    __scatterload_rt2                        0x08000139   Thumb Code    44  __scatter.o(!!!scatter)
    __scatterload_rt2_thumb_only             0x08000139   Thumb Code     0  __scatter.o(!!!scatter)
    __scatterload_null                       0x08000147   Thumb Code     0  __scatter.o(!!!scatter)
    __scatterload_copy                       0x0800016d   Thumb Code    26  __scatter_copy.o(!!handler_copy)
    __scatterload_zeroinit                   0x08000189   Thumb Code    28  __scatter_zi.o(!!handler_zi)
    __rt_lib_init                            0x080001a5   Thumb Code     0  libinit.o(.ARM.Collect$$libinit$$00000000)
    __rt_lib_init_alloca_1                   0x080001a7   Thumb Code     0  libinit2.o(.ARM.Collect$$libinit$$0000002E)
    __rt_lib_init_argv_1                     0x080001a7   Thumb Code     0  libinit2.o(.ARM.Collect$$libinit$$0000002C)
    __rt_lib_init_atexit_1                   0x080001a7   Thumb Code     0  libinit2.o(.ARM.Collect$$libinit$$0000001B)
    __rt_lib_init_clock_1                    0x080001a7   Thumb Code     0  libinit2.o(.ARM.Collect$$libinit$$00000021)
    __rt_lib_init_cpp_1                      0x080001a7   Thumb Code     0  libinit2.o(.ARM.Collect$$libinit$$00000032)
    __rt_lib_init_exceptions_1               0x080001a7   Thumb Code     0  libinit2.o(.ARM.Collect$$libinit$$00000030)
    __rt_lib_init_fp_1                       0x080001a7   Thumb Code     0  libinit2.o(.ARM.Collect$$libinit$$00000002)
    __rt_lib_init_fp_trap_1                  0x080001a7   Thumb Code     0  libinit2.o(.ARM.Collect$$libinit$$0000001F)
    __rt_lib_init_getenv_1                   0x080001a7   Thumb Code     0  libinit2.o(.ARM.Collect$$libinit$$00000023)
    __rt_lib_init_heap_1                     0x080001a7   Thumb Code     0  libinit2.o(.ARM.Collect$$libinit$$0000000A)
    __rt_lib_init_lc_collate_1               0x080001a7   Thumb Code     0  libinit2.o(.ARM.Collect$$libinit$$00000011)
    __rt_lib_init_lc_ctype_1                 0x080001a7   Thumb Code     0  libinit2.o(.ARM.Collect$$libinit$$00000013)
    __rt_lib_init_lc_monetary_1              0x080001a7   Thumb Code     0  libinit2.o(.ARM.Collect$$libinit$$00000015)
    __rt_lib_init_lc_numeric_1               0x080001a7   Thumb Code     0  libinit2.o(.ARM.Collect$$libinit$$00000017)
    __rt_lib_init_lc_time_1                  0x080001a7   Thumb Code     0  libinit2.o(.ARM.Collect$$libinit$$00000019)
    __rt_lib_init_preinit_1                  0x080001a7   Thumb Code     0  libinit2.o(.ARM.Collect$$libinit$$00000004)
    __rt_lib_init_rand_1                     0x080001a7   Thumb Code     0  libinit2.o(.ARM.Collect$$libinit$$0000000E)
    __rt_lib_init_return                     0x080001a7   Thumb Code     0  libinit2.o(.ARM.Collect$$libinit$$00000033)
    __rt_lib_init_signal_1                   0x080001a7   Thumb Code     0  libinit2.o(.ARM.Collect$$libinit$$0000001D)
    __rt_lib_init_stdio_1                    0x080001a7   Thumb Code     0  libinit2.o(.ARM.Collect$$libinit$$00000025)
    __rt_lib_init_user_alloc_1               0x080001a7   Thumb Code     0  libinit2.o(.ARM.Collect$$libinit$$0000000C)
    __rt_lib_shutdown                        0x080001a9   Thumb Code     0  libshutdown.o(.ARM.Collect$$libshutdown$$00000000)
    __rt_lib_shutdown_cpp_1                  0x080001ab   Thumb Code     0  libshutdown2.o(.ARM.Collect$$libshutdown$$00000002)
    __rt_lib_shutdown_fp_trap_1              0x080001ab   Thumb Code     0  libshutdown2.o(.ARM.Collect$$libshutdown$$00000007)
    __rt_lib_shutdown_heap_1                 0x080001ab   Thumb Code     0  libshutdown2.o(.ARM.Collect$$libshutdown$$0000000F)
    __rt_lib_shutdown_return                 0x080001ab   Thumb Code     0  libshutdown2.o(.ARM.Collect$$libshutdown$$00000010)
    __rt_lib_shutdown_signal_1               0x080001ab   Thumb Code     0  libshutdown2.o(.ARM.Collect$$libshutdown$$0000000A)
    __rt_lib_shutdown_stdio_1                0x080001ab   Thumb Code     0  libshutdown2.o(.ARM.Collect$$libshutdown$$00000004)
    __rt_lib_shutdown_user_alloc_1           0x080001ab   Thumb Code     0  libshutdown2.o(.ARM.Collect$$libshutdown$$0000000C)
    __rt_entry                               0x080001ad   Thumb Code     0  __rtentry.o(.ARM.Collect$$rtentry$$00000000)
    __rt_entry_presh_1                       0x080001ad   Thumb Code     0  __rtentry2.o(.ARM.Collect$$rtentry$$00000002)
    __rt_entry_sh                            0x080001ad   Thumb Code     0  __rtentry4.o(.ARM.Collect$$rtentry$$00000004)
    __rt_entry_li                            0x080001b3   Thumb Code     0  __rtentry2.o(.ARM.Collect$$rtentry$$0000000A)
    __rt_entry_postsh_1                      0x080001b3   Thumb Code     0  __rtentry2.o(.ARM.Collect$$rtentry$$00000009)
    __rt_entry_main                          0x080001b7   Thumb Code     0  __rtentry2.o(.ARM.Collect$$rtentry$$0000000D)
    __rt_entry_postli_1                      0x080001b7   Thumb Code     0  __rtentry2.o(.ARM.Collect$$rtentry$$0000000C)
    __rt_exit                                0x080001bf   Thumb Code     0  rtexit.o(.ARM.Collect$$rtexit$$00000000)
    __rt_exit_ls                             0x080001c1   Thumb Code     0  rtexit2.o(.ARM.Collect$$rtexit$$00000003)
    __rt_exit_prels_1                        0x080001c1   Thumb Code     0  rtexit2.o(.ARM.Collect$$rtexit$$00000002)
    __rt_exit_exit                           0x080001c5   Thumb Code     0  rtexit2.o(.ARM.Collect$$rtexit$$00000004)
    Reset_Handler                            0x080001cd   Thumb Code     8  startup_stm32f10x_hd.o(.text)
    NMI_Handler                              0x080001d5   Thumb Code     2  startup_stm32f10x_hd.o(.text)
    HardFault_Handler                        0x080001d7   Thumb Code     2  startup_stm32f10x_hd.o(.text)
    MemManage_Handler                        0x080001d9   Thumb Code     2  startup_stm32f10x_hd.o(.text)
    BusFault_Handler                         0x080001db   Thumb Code     2  startup_stm32f10x_hd.o(.text)
    UsageFault_Handler                       0x080001dd   Thumb Code     2  startup_stm32f10x_hd.o(.text)
    SVC_Handler                              0x080001df   Thumb Code     2  startup_stm32f10x_hd.o(.text)
    DebugMon_Handler                         0x080001e1   Thumb Code     2  startup_stm32f10x_hd.o(.text)
    PendSV_Handler                           0x080001e3   Thumb Code     2  startup_stm32f10x_hd.o(.text)
    ADC1_2_IRQHandler                        0x080001e7   Thumb Code     0  startup_stm32f10x_hd.o(.text)
    ADC3_IRQHandler                          0x080001e7   Thumb Code     0  startup_stm32f10x_hd.o(.text)
    CAN1_RX1_IRQHandler                      0x080001e7   Thumb Code     0  startup_stm32f10x_hd.o(.text)
    CAN1_SCE_IRQHandler                      0x080001e7   Thumb Code     0  startup_stm32f10x_hd.o(.text)
    EXTI0_IRQHandler                         0x080001e7   Thumb Code     0  startup_stm32f10x_hd.o(.text)
    EXTI15_10_IRQHandler                     0x080001e7   Thumb Code     0  startup_stm32f10x_hd.o(.text)
    EXTI1_IRQHandler                         0x080001e7   Thumb Code     0  startup_stm32f10x_hd.o(.text)
    EXTI2_IRQHandler                         0x080001e7   Thumb Code     0  startup_stm32f10x_hd.o(.text)
    EXTI3_IRQHandler                         0x080001e7   Thumb Code     0  startup_stm32f10x_hd.o(.text)
    EXTI4_IRQHandler                         0x080001e7   Thumb Code     0  startup_stm32f10x_hd.o(.text)
    EXTI9_5_IRQHandler                       0x080001e7   Thumb Code     0  startup_stm32f10x_hd.o(.text)
    FLASH_IRQHandler                         0x080001e7   Thumb Code     0  startup_stm32f10x_hd.o(.text)
    FSMC_IRQHandler                          0x080001e7   Thumb Code     0  startup_stm32f10x_hd.o(.text)
    I2C1_ER_IRQHandler                       0x080001e7   Thumb Code     0  startup_stm32f10x_hd.o(.text)
    I2C1_EV_IRQHandler                       0x080001e7   Thumb Code     0  startup_stm32f10x_hd.o(.text)
    I2C2_ER_IRQHandler                       0x080001e7   Thumb Code     0  startup_stm32f10x_hd.o(.text)
    I2C2_EV_IRQHandler                       0x080001e7   Thumb Code     0  startup_stm32f10x_hd.o(.text)
    PVD_IRQHandler                           0x080001e7   Thumb Code     0  startup_stm32f10x_hd.o(.text)
    RCC_IRQHandler                           0x080001e7   Thumb Code     0  startup_stm32f10x_hd.o(.text)
    RTCAlarm_IRQHandler                      0x080001e7   Thumb Code     0  startup_stm32f10x_hd.o(.text)
    RTC_IRQHandler                           0x080001e7   Thumb Code     0  startup_stm32f10x_hd.o(.text)
    SDIO_IRQHandler                          0x080001e7   Thumb Code     0  startup_stm32f10x_hd.o(.text)
    SPI2_IRQHandler                          0x080001e7   Thumb Code     0  startup_stm32f10x_hd.o(.text)
    SPI3_IRQHandler                          0x080001e7   Thumb Code     0  startup_stm32f10x_hd.o(.text)
    TAMPER_IRQHandler                        0x080001e7   Thumb Code     0  startup_stm32f10x_hd.o(.text)
    TIM1_BRK_IRQHandler                      0x080001e7   Thumb Code     0  startup_stm32f10x_hd.o(.text)
    TIM1_CC_IRQHandler                       0x080001e7   Thumb Code     0  startup_stm32f10x_hd.o(.text)
    TIM1_TRG_COM_IRQHandler                  0x080001e7   Thumb Code     0  startup_stm32f10x_hd.o(.text)
    TIM1_UP_IRQHandler                       0x080001e7   Thumb Code     0  startup_stm32f10x_hd.o(.text)
    TIM2_IRQHandler                          0x080001e7   Thumb Code     0  startup_stm32f10x_hd.o(.text)
    TIM3_IRQHandler                          0x080001e7   Thumb Code     0  startup_stm32f10x_hd.o(.text)
    TIM4_IRQHandler                          0x080001e7   Thumb Code     0  startup_stm32f10x_hd.o(.text)
    TIM5_IRQHandler                          0x080001e7   Thumb Code     0  startup_stm32f10x_hd.o(.text)
    TIM6_IRQHandler                          0x080001e7   Thumb Code     0  startup_stm32f10x_hd.o(.text)
    TIM7_IRQHandler                          0x080001e7   Thumb Code     0  startup_stm32f10x_hd.o(.text)
    TIM8_BRK_IRQHandler                      0x080001e7   Thumb Code     0  startup_stm32f10x_hd.o(.text)
    TIM8_CC_IRQHandler                       0x080001e7   Thumb Code     0  startup_stm32f10x_hd.o(.text)
    TIM8_TRG_COM_IRQHandler                  0x080001e7   Thumb Code     0  startup_stm32f10x_hd.o(.text)
    TIM8_UP_IRQHandler                       0x080001e7   Thumb Code     0  startup_stm32f10x_hd.o(.text)
    UART4_IRQHandler                         0x080001e7   Thumb Code     0  startup_stm32f10x_hd.o(.text)
    UART5_IRQHandler                         0x080001e7   Thumb Code     0  startup_stm32f10x_hd.o(.text)
    USART1_IRQHandler                        0x080001e7   Thumb Code     0  startup_stm32f10x_hd.o(.text)
    USART2_IRQHandler                        0x080001e7   Thumb Code     0  startup_stm32f10x_hd.o(.text)
    USART3_IRQHandler                        0x080001e7   Thumb Code     0  startup_stm32f10x_hd.o(.text)
    USBWakeUp_IRQHandler                     0x080001e7   Thumb Code     0  startup_stm32f10x_hd.o(.text)
    USB_HP_CAN1_TX_IRQHandler                0x080001e7   Thumb Code     0  startup_stm32f10x_hd.o(.text)
    USB_LP_CAN1_RX0_IRQHandler               0x080001e7   Thumb Code     0  startup_stm32f10x_hd.o(.text)
    WWDG_IRQHandler                          0x080001e7   Thumb Code     0  startup_stm32f10x_hd.o(.text)
    __user_initial_stackheap                 0x080001e9   Thumb Code     0  startup_stm32f10x_hd.o(.text)
    __aeabi_memcpy4                          0x0800020d   Thumb Code     0  rt_memcpy_w.o(.text)
    __aeabi_memcpy8                          0x0800020d   Thumb Code     0  rt_memcpy_w.o(.text)
    __rt_memcpy_w                            0x0800020d   Thumb Code   100  rt_memcpy_w.o(.text)
    _memcpy_lastbytes_aligned                0x08000255   Thumb Code     0  rt_memcpy_w.o(.text)
    __use_two_region_memory                  0x08000271   Thumb Code     2  heapauxi.o(.text)
    __rt_heap_escrow$2region                 0x08000273   Thumb Code     2  heapauxi.o(.text)
    __rt_heap_expand$2region                 0x08000275   Thumb Code     2  heapauxi.o(.text)
    __user_setup_stackheap                   0x08000277   Thumb Code    74  sys_stackheap_outer.o(.text)
    exit                                     0x080002c1   Thumb Code    18  exit.o(.text)
    __user_libspace                          0x080002d5   Thumb Code     8  libspace.o(.text)
    __user_perproc_libspace                  0x080002d5   Thumb Code     0  libspace.o(.text)
    __user_perthread_libspace                0x080002d5   Thumb Code     0  libspace.o(.text)
    _sys_exit                                0x080002dd   Thumb Code     8  sys_exit.o(.text)
    __I$use$semihosting                      0x080002e9   Thumb Code     0  use_no_semi.o(.text)
    __use_no_semihosting_swi                 0x080002e9   Thumb Code     2  use_no_semi.o(.text)
    DMA1_Channel1_Event                      0x080002eb   Thumb Code     2  dma_stm32f10x.o(i.DMA1_Channel1_Event)
    __semihosting_library_function           0x080002eb   Thumb Code     0  indicate_semi.o(.text)
    DMA1_Channel1_IRQHandler                 0x080002ed   Thumb Code    22  dma_stm32f10x.o(i.DMA1_Channel1_IRQHandler)
    DMA1_Channel2_Event                      0x08000309   Thumb Code     2  dma_stm32f10x.o(i.DMA1_Channel2_Event)
    DMA1_Channel2_IRQHandler                 0x0800030d   Thumb Code    24  dma_stm32f10x.o(i.DMA1_Channel2_IRQHandler)
    DMA1_Channel3_Event                      0x08000329   Thumb Code     2  dma_stm32f10x.o(i.DMA1_Channel3_Event)
    DMA1_Channel3_IRQHandler                 0x0800032d   Thumb Code    24  dma_stm32f10x.o(i.DMA1_Channel3_IRQHandler)
    DMA1_Channel4_Event                      0x08000349   Thumb Code     2  dma_stm32f10x.o(i.DMA1_Channel4_Event)
    DMA1_Channel4_IRQHandler                 0x0800034d   Thumb Code    24  dma_stm32f10x.o(i.DMA1_Channel4_IRQHandler)
    DMA1_Channel5_Event                      0x08000369   Thumb Code     2  dma_stm32f10x.o(i.DMA1_Channel5_Event)
    DMA1_Channel5_IRQHandler                 0x0800036d   Thumb Code    24  dma_stm32f10x.o(i.DMA1_Channel5_IRQHandler)
    DMA1_Channel6_Event                      0x08000389   Thumb Code     2  dma_stm32f10x.o(i.DMA1_Channel6_Event)
    DMA1_Channel6_IRQHandler                 0x0800038d   Thumb Code    24  dma_stm32f10x.o(i.DMA1_Channel6_IRQHandler)
    DMA1_Channel7_Event                      0x080003a9   Thumb Code     2  dma_stm32f10x.o(i.DMA1_Channel7_Event)
    DMA1_Channel7_IRQHandler                 0x080003ad   Thumb Code    24  dma_stm32f10x.o(i.DMA1_Channel7_IRQHandler)
    DMA2_Channel1_Event                      0x080003c9   Thumb Code     2  dma_stm32f10x.o(i.DMA2_Channel1_Event)
    DMA2_Channel1_IRQHandler                 0x080003cd   Thumb Code    24  dma_stm32f10x.o(i.DMA2_Channel1_IRQHandler)
    DMA2_Channel2_Event                      0x080003e9   Thumb Code     2  dma_stm32f10x.o(i.DMA2_Channel2_Event)
    DMA2_Channel2_IRQHandler                 0x080003ed   Thumb Code    26  dma_stm32f10x.o(i.DMA2_Channel2_IRQHandler)
    DMA2_Channel3_Event                      0x0800040d   Thumb Code     2  dma_stm32f10x.o(i.DMA2_Channel3_Event)
    DMA2_Channel3_IRQHandler                 0x08000411   Thumb Code    26  dma_stm32f10x.o(i.DMA2_Channel3_IRQHandler)
    DMA2_Channel4_5_IRQHandler               0x08000431   Thumb Code    52  dma_stm32f10x.o(i.DMA2_Channel4_5_IRQHandler)
    DMA2_Channel4_Event                      0x08000469   Thumb Code     2  dma_stm32f10x.o(i.DMA2_Channel4_Event)
    DMA2_Channel5_Event                      0x0800046b   Thumb Code     2  dma_stm32f10x.o(i.DMA2_Channel5_Event)
    Decrement                                0x0800046d   Thumb Code    12  delay.o(i.Decrement)
    Disable_Rxe_Interrupt                    0x0800047d   Thumb Code    20  spi.o(i.Disable_Rxe_Interrupt)
    Disable_Spi                              0x08000491   Thumb Code    76  spi.o(i.Disable_Spi)
    Disable_Txe_Interrupt                    0x080004e9   Thumb Code    20  spi.o(i.Disable_Txe_Interrupt)
    Enable_Rxe_Interrupt                     0x080004fd   Thumb Code    14  spi.o(i.Enable_Rxe_Interrupt)
    Enable_Spi                               0x0800050d   Thumb Code    84  spi.o(i.Enable_Spi)
    Enable_Txe_Interrupt                     0x0800056d   Thumb Code    14  spi.o(i.Enable_Txe_Interrupt)
    SPI1_IRQHandler                          0x08000621   Thumb Code    10  main.o(i.SPI1_IRQHandler)
    SPI_Init                                 0x08000631   Thumb Code   342  spi.o(i.SPI_Init)
    SPI_Irqn                                 0x0800079d   Thumb Code   104  spi.o(i.SPI_Irqn)
    SPI_Slave_Rx                             0x08000805   Thumb Code    44  spi.o(i.SPI_Slave_Rx)
    SPI_Slave_Tx                             0x08000831   Thumb Code    66  spi.o(i.SPI_Slave_Tx)
    SysTick_Handler                          0x08000991   Thumb Code    20  delay.o(i.SysTick_Handler)
    SystemInit                               0x080009a9   Thumb Code    78  system_stm32f10x.o(i.SystemInit)
    delay_us                                 0x08000b49   Thumb Code    50  delay.o(i.delay_us)
    main                                     0x08000b89   Thumb Code    98  main.o(i.main)
    setUpPort                                0x08000bfd   Thumb Code   234  gpio_config.o(i.setUpPort)
    Region$$Table$$Base                      0x08000cec   Number         0  anon$$obj.o(Region$$Table)
    Region$$Table$$Limit                     0x08000d0c   Number         0  anon$$obj.o(Region$$Table)
    SystemCoreClock                          0x20000004   Data           4  system_stm32f10x.o(.data)
    AHBPrescTable                            0x20000008   Data          16  system_stm32f10x.o(.data)
    Read_Data                                0x20000018   Data          10  main.o(.bss)
    Write_Data                               0x20000022   Data          10  main.o(.bss)
    propSPI                                  0x2000002c   Data          56  main.o(.bss)
    __libspace_start                         0x20000064   Data          96  libspace.o(.bss)
    __temporary_stack_top$libspace           0x200000c4   Data           0  libspace.o(.bss)



==============================================================================

Memory Map of the image

  Image Entry point : 0x080001cd

  Load Region LR_1 (Base: 0x08000000, Size: 0x00000d24, Max: 0xffffffff, ABSOLUTE)

    Execution Region ER_RO (Base: 0x08000000, Size: 0x00000d0c, Max: 0xffffffff, ABSOLUTE)

    Base Addr    Size         Type   Attr      Idx    E Section Name        Object

    0x08000000   0x00000130   Data   RO          618    RESET               startup_stm32f10x_hd.o
    0x08000130   0x00000008   Code   RO          675  * !!!main             c_w.l(__main.o)
    0x08000138   0x00000034   Code   RO          832    !!!scatter          c_w.l(__scatter.o)
    0x0800016c   0x0000001a   Code   RO          834    !!handler_copy      c_w.l(__scatter_copy.o)
    0x08000186   0x00000002   PAD
    0x08000188   0x0000001c   Code   RO          836    !!handler_zi        c_w.l(__scatter_zi.o)
    0x080001a4   0x00000002   Code   RO          702    .ARM.Collect$$libinit$$00000000  c_w.l(libinit.o)
    0x080001a6   0x00000000   Code   RO          709    .ARM.Collect$$libinit$$00000002  c_w.l(libinit2.o)
    0x080001a6   0x00000000   Code   RO          711    .ARM.Collect$$libinit$$00000004  c_w.l(libinit2.o)
    0x080001a6   0x00000000   Code   RO          714    .ARM.Collect$$libinit$$0000000A  c_w.l(libinit2.o)
    0x080001a6   0x00000000   Code   RO          716    .ARM.Collect$$libinit$$0000000C  c_w.l(libinit2.o)
    0x080001a6   0x00000000   Code   RO          718    .ARM.Collect$$libinit$$0000000E  c_w.l(libinit2.o)
    0x080001a6   0x00000000   Code   RO          721    .ARM.Collect$$libinit$$00000011  c_w.l(libinit2.o)
    0x080001a6   0x00000000   Code   RO          723    .ARM.Collect$$libinit$$00000013  c_w.l(libinit2.o)
    0x080001a6   0x00000000   Code   RO          725    .ARM.Collect$$libinit$$00000015  c_w.l(libinit2.o)
    0x080001a6   0x00000000   Code   RO          727    .ARM.Collect$$libinit$$00000017  c_w.l(libinit2.o)
    0x080001a6   0x00000000   Code   RO          729    .ARM.Collect$$libinit$$00000019  c_w.l(libinit2.o)
    0x080001a6   0x00000000   Code   RO          731    .ARM.Collect$$libinit$$0000001B  c_w.l(libinit2.o)
    0x080001a6   0x00000000   Code   RO          733    .ARM.Collect$$libinit$$0000001D  c_w.l(libinit2.o)
    0x080001a6   0x00000000   Code   RO          735    .ARM.Collect$$libinit$$0000001F  c_w.l(libinit2.o)
    0x080001a6   0x00000000   Code   RO          737    .ARM.Collect$$libinit$$00000021  c_w.l(libinit2.o)
    0x080001a6   0x00000000   Code   RO          739    .ARM.Collect$$libinit$$00000023  c_w.l(libinit2.o)
    0x080001a6   0x00000000   Code   RO          741    .ARM.Collect$$libinit$$00000025  c_w.l(libinit2.o)
    0x080001a6   0x00000000   Code   RO          745    .ARM.Collect$$libinit$$0000002C  c_w.l(libinit2.o)
    0x080001a6   0x00000000   Code   RO          747    .ARM.Collect$$libinit$$0000002E  c_w.l(libinit2.o)
    0x080001a6   0x00000000   Code   RO          749    .ARM.Collect$$libinit$$00000030  c_w.l(libinit2.o)
    0x080001a6   0x00000000   Code   RO          751    .ARM.Collect$$libinit$$00000032  c_w.l(libinit2.o)
    0x080001a6   0x00000002   Code   RO          752    .ARM.Collect$$libinit$$00000033  c_w.l(libinit2.o)
    0x080001a8   0x00000002   Code   RO          772    .ARM.Collect$$libshutdown$$00000000  c_w.l(libshutdown.o)
    0x080001aa   0x00000000   Code   RO          785    .ARM.Collect$$libshutdown$$00000002  c_w.l(libshutdown2.o)
    0x080001aa   0x00000000   Code   RO          787    .ARM.Collect$$libshutdown$$00000004  c_w.l(libshutdown2.o)
    0x080001aa   0x00000000   Code   RO          790    .ARM.Collect$$libshutdown$$00000007  c_w.l(libshutdown2.o)
    0x080001aa   0x00000000   Code   RO          793    .ARM.Collect$$libshutdown$$0000000A  c_w.l(libshutdown2.o)
    0x080001aa   0x00000000   Code   RO          795    .ARM.Collect$$libshutdown$$0000000C  c_w.l(libshutdown2.o)
    0x080001aa   0x00000000   Code   RO          798    .ARM.Collect$$libshutdown$$0000000F  c_w.l(libshutdown2.o)
    0x080001aa   0x00000002   Code   RO          799    .ARM.Collect$$libshutdown$$00000010  c_w.l(libshutdown2.o)
    0x080001ac   0x00000000   Code   RO          677    .ARM.Collect$$rtentry$$00000000  c_w.l(__rtentry.o)
    0x080001ac   0x00000000   Code   RO          679    .ARM.Collect$$rtentry$$00000002  c_w.l(__rtentry2.o)
    0x080001ac   0x00000006   Code   RO          691    .ARM.Collect$$rtentry$$00000004  c_w.l(__rtentry4.o)
    0x080001b2   0x00000000   Code   RO          681    .ARM.Collect$$rtentry$$00000009  c_w.l(__rtentry2.o)
    0x080001b2   0x00000004   Code   RO          682    .ARM.Collect$$rtentry$$0000000A  c_w.l(__rtentry2.o)
    0x080001b6   0x00000000   Code   RO          684    .ARM.Collect$$rtentry$$0000000C  c_w.l(__rtentry2.o)
    0x080001b6   0x00000008   Code   RO          685    .ARM.Collect$$rtentry$$0000000D  c_w.l(__rtentry2.o)
    0x080001be   0x00000002   Code   RO          706    .ARM.Collect$$rtexit$$00000000  c_w.l(rtexit.o)
    0x080001c0   0x00000000   Code   RO          754    .ARM.Collect$$rtexit$$00000002  c_w.l(rtexit2.o)
    0x080001c0   0x00000004   Code   RO          755    .ARM.Collect$$rtexit$$00000003  c_w.l(rtexit2.o)
    0x080001c4   0x00000006   Code   RO          756    .ARM.Collect$$rtexit$$00000004  c_w.l(rtexit2.o)
    0x080001ca   0x00000002   PAD
    0x080001cc   0x00000040   Code   RO          619  * .text               startup_stm32f10x_hd.o
    0x0800020c   0x00000064   Code   RO          671    .text               c_w.l(rt_memcpy_w.o)
    0x08000270   0x00000006   Code   RO          673    .text               c_w.l(heapauxi.o)
    0x08000276   0x0000004a   Code   RO          693    .text               c_w.l(sys_stackheap_outer.o)
    0x080002c0   0x00000012   Code   RO          695    .text               c_w.l(exit.o)
    0x080002d2   0x00000002   PAD
    0x080002d4   0x00000008   Code   RO          703    .text               c_w.l(libspace.o)
    0x080002dc   0x0000000c   Code   RO          764    .text               c_w.l(sys_exit.o)
    0x080002e8   0x00000002   Code   RO          775    .text               c_w.l(use_no_semi.o)
    0x080002ea   0x00000000   Code   RO          777    .text               c_w.l(indicate_semi.o)
    0x080002ea   0x00000002   Code   RO          370    i.DMA1_Channel1_Event  dma_stm32f10x.o
    0x080002ec   0x0000001c   Code   RO          371    i.DMA1_Channel1_IRQHandler  dma_stm32f10x.o
    0x08000308   0x00000002   Code   RO          372    i.DMA1_Channel2_Event  dma_stm32f10x.o
    0x0800030a   0x00000002   PAD
    0x0800030c   0x0000001c   Code   RO          373    i.DMA1_Channel2_IRQHandler  dma_stm32f10x.o
    0x08000328   0x00000002   Code   RO          374    i.DMA1_Channel3_Event  dma_stm32f10x.o
    0x0800032a   0x00000002   PAD
    0x0800032c   0x0000001c   Code   RO          375    i.DMA1_Channel3_IRQHandler  dma_stm32f10x.o
    0x08000348   0x00000002   Code   RO          376    i.DMA1_Channel4_Event  dma_stm32f10x.o
    0x0800034a   0x00000002   PAD
    0x0800034c   0x0000001c   Code   RO          377    i.DMA1_Channel4_IRQHandler  dma_stm32f10x.o
    0x08000368   0x00000002   Code   RO          378    i.DMA1_Channel5_Event  dma_stm32f10x.o
    0x0800036a   0x00000002   PAD
    0x0800036c   0x0000001c   Code   RO          379    i.DMA1_Channel5_IRQHandler  dma_stm32f10x.o
    0x08000388   0x00000002   Code   RO          380    i.DMA1_Channel6_Event  dma_stm32f10x.o
    0x0800038a   0x00000002   PAD
    0x0800038c   0x0000001c   Code   RO          381    i.DMA1_Channel6_IRQHandler  dma_stm32f10x.o
    0x080003a8   0x00000002   Code   RO          382    i.DMA1_Channel7_Event  dma_stm32f10x.o
    0x080003aa   0x00000002   PAD
    0x080003ac   0x0000001c   Code   RO          383    i.DMA1_Channel7_IRQHandler  dma_stm32f10x.o
    0x080003c8   0x00000002   Code   RO          384    i.DMA2_Channel1_Event  dma_stm32f10x.o
    0x080003ca   0x00000002   PAD
    0x080003cc   0x0000001c   Code   RO          385    i.DMA2_Channel1_IRQHandler  dma_stm32f10x.o
    0x080003e8   0x00000002   Code   RO          386    i.DMA2_Channel2_Event  dma_stm32f10x.o
    0x080003ea   0x00000002   PAD
    0x080003ec   0x00000020   Code   RO          387    i.DMA2_Channel2_IRQHandler  dma_stm32f10x.o
    0x0800040c   0x00000002   Code   RO          388    i.DMA2_Channel3_Event  dma_stm32f10x.o
    0x0800040e   0x00000002   PAD
    0x08000410   0x00000020   Code   RO          389    i.DMA2_Channel3_IRQHandler  dma_stm32f10x.o
    0x08000430   0x00000038   Code   RO          390    i.DMA2_Channel4_5_IRQHandler  dma_stm32f10x.o
    0x08000468   0x00000002   Code   RO          391    i.DMA2_Channel4_Event  dma_stm32f10x.o
    0x0800046a   0x00000002   Code   RO          393    i.DMA2_Channel5_Event  dma_stm32f10x.o
    0x0800046c   0x00000010   Code   RO           73    i.Decrement         delay.o
    0x0800047c   0x00000014   Code   RO          225    i.Disable_Rxe_Interrupt  spi.o
    0x08000490   0x00000058   Code   RO          226    i.Disable_Spi       spi.o
    0x080004e8   0x00000014   Code   RO          227    i.Disable_Txe_Interrupt  spi.o
    0x080004fc   0x0000000e   Code   RO          228    i.Enable_Rxe_Interrupt  spi.o
    0x0800050a   0x00000002   PAD
    0x0800050c   0x00000060   Code   RO          229    i.Enable_Spi        spi.o
    0x0800056c   0x0000000e   Code   RO          230    i.Enable_Txe_Interrupt  spi.o
    0x0800057a   0x00000042   Code   RO          231    i.Rx_Handle         spi.o
    0x080005bc   0x00000064   Code   RO          232    i.Rx_Interrupt_Handle  spi.o
    0x08000620   0x00000010   Code   RO            4    i.SPI1_IRQHandler   main.o
    0x08000630   0x0000016c   Code   RO          234    i.SPI_Init          spi.o
    0x0800079c   0x00000068   Code   RO          235    i.SPI_Irqn          spi.o
    0x08000804   0x0000002c   Code   RO          238    i.SPI_Slave_Rx      spi.o
    0x08000830   0x00000042   Code   RO          239    i.SPI_Slave_Tx      spi.o
    0x08000872   0x00000008   Code   RO          626    i.SetSysClock       system_stm32f10x.o
    0x0800087a   0x00000002   PAD
    0x0800087c   0x000000e0   Code   RO          627    i.SetSysClockTo72   system_stm32f10x.o
    0x0800095c   0x00000032   Code   RO           74    i.SysTick_Config    delay.o
    0x0800098e   0x00000002   PAD
    0x08000990   0x00000018   Code   RO           75    i.SysTick_Handler   delay.o
    0x080009a8   0x00000060   Code   RO          629    i.SystemInit        system_stm32f10x.o
    0x08000a08   0x00000040   Code   RO          240    i.Tx_Handle         spi.o
    0x08000a48   0x00000056   Code   RO          241    i.Tx_Interrupt_Handle  spi.o
    0x08000a9e   0x00000002   PAD
    0x08000aa0   0x0000003c   Code   RO          243    i.__NVIC_DisableIRQ  spi.o
    0x08000adc   0x0000001a   Code   RO          244    i.__NVIC_EnableIRQ  spi.o
    0x08000af6   0x00000002   PAD
    0x08000af8   0x00000028   Code   RO           76    i.__NVIC_SetPriority  delay.o
    0x08000b20   0x00000028   Code   RO          245    i.__NVIC_SetPriority  spi.o
    0x08000b48   0x00000040   Code   RO           78    i.delay_us          delay.o
    0x08000b88   0x00000074   Code   RO            5    i.main              main.o
    0x08000bfc   0x000000f0   Code   RO          142    i.setUpPort         gpio_config.o
    0x08000cec   0x00000020   Data   RO          830    Region$$Table       anon$$obj.o


    Execution Region ER_RW (Base: 0x20000000, Size: 0x00000018, Max: 0xffffffff, ABSOLUTE)

    Base Addr    Size         Type   Attr      Idx    E Section Name        Object

    0x20000000   0x00000004   Data   RW           79    .data               delay.o
    0x20000004   0x00000014   Data   RW          630    .data               system_stm32f10x.o


    Execution Region ER_ZI (Base: 0x20000018, Size: 0x000006b0, Max: 0xffffffff, ABSOLUTE)

    Base Addr    Size         Type   Attr      Idx    E Section Name        Object

    0x20000018   0x0000004c   Zero   RW            6    .bss                main.o
    0x20000064   0x00000060   Zero   RW          704    .bss                c_w.l(libspace.o)
    0x200000c4   0x00000004   PAD
    0x200000c8   0x00000200   Zero   RW          617    HEAP                startup_stm32f10x_hd.o
    0x200002c8   0x00000400   Zero   RW          616    STACK               startup_stm32f10x_hd.o


==============================================================================

Image component sizes


      Code (inc. data)   RO Data    RW Data    ZI Data      Debug   Object Name

       194         30          0          4          0       3205   delay.o
       368         50          0          0          0      11951   dma_stm32f10x.o
       240          6          0          0          0       1196   gpio_config.o
       132         24          0          0         76     213409   main.o
      1272         60          0          0          0      33836   spi.o
        64         26        304          0       1536        836   startup_stm32f10x_hd.o
       328         28          0         20          0       2365   system_stm32f10x.o

    ----------------------------------------------------------------------
      2626        224        336         24       1612     266798   Object Totals
         0          0         32          0          0          0   (incl. Generated)
        28          0          0          0          0          0   (incl. Padding)

    ----------------------------------------------------------------------

      Code (inc. data)   RO Data    RW Data    ZI Data      Debug   Library Member Name

         8          0          0          0          0         68   __main.o
         0          0          0          0          0          0   __rtentry.o
        12          0          0          0          0          0   __rtentry2.o
         6          0          0          0          0          0   __rtentry4.o
        52          8          0          0          0          0   __scatter.o
        26          0          0          0          0          0   __scatter_copy.o
        28          0          0          0          0          0   __scatter_zi.o
        18          0          0          0          0         80   exit.o
         6          0          0          0          0        152   heapauxi.o
         0          0          0          0          0          0   indicate_semi.o
         2          0          0          0          0          0   libinit.o
         2          0          0          0          0          0   libinit2.o
         2          0          0          0          0          0   libshutdown.o
         2          0          0          0          0          0   libshutdown2.o
         8          4          0          0         96         68   libspace.o
       100          0          0          0          0         80   rt_memcpy_w.o
         2          0          0          0          0          0   rtexit.o
        10          0          0          0          0          0   rtexit2.o
        12          4          0          0          0         68   sys_exit.o
        74          0          0          0          0         80   sys_stackheap_outer.o
         2          0          0          0          0         68   use_no_semi.o

    ----------------------------------------------------------------------
       378         16          0          0        100        664   Library Totals
         6          0          0          0          4          0   (incl. Padding)

    ----------------------------------------------------------------------

      Code (inc. data)   RO Data    RW Data    ZI Data      Debug   Library Name

       372         16          0          0         96        664   c_w.l

    ----------------------------------------------------------------------
       378         16          0          0        100        664   Library Totals

    ----------------------------------------------------------------------

==============================================================================


      Code (inc. data)   RO Data    RW Data    ZI Data      Debug   

      3004        240        336         24       1712     264754   Grand Totals
      3004        240        336         24       1712     264754   ELF Image Totals
      3004        240        336         24          0          0   ROM Totals

==============================================================================

    Total RO  Size (Code + RO Data)                 3340 (   3.26kB)
    Total RW  Size (RW Data + ZI Data)              1736 (   1.70kB)
    Total ROM Size (Code + RO Data + RW Data)       3364 (   3.29kB)

==============================================================================

